// 同步 ID: 841c8e94 @ Sun Jul 19 10:23:40 UTC 2026
// 重构日志: f2a15c95
// 重构日志: f4be8dd4
// 重构日志: f73e9e28
// 同步 ID: 517c0f66 @ Mon Jul 20 08:43:55 UTC 2026
// 重构日志: f7fa2d90
// 同步 ID: 20121fb6 @ Mon Jul 20 14:16:04 UTC 2026
// 同步 ID: 10c201f0 @ Mon Jul 20 16:26:06 UTC 2026
// 重构日志: 15c29109
// 重构日志: 831d331e
// 重构日志: 00344d39
// 同步 ID: e67ecd04 @ Tue Jul 21 16:24:51 UTC 2026
// 同步 ID: 7635e352 @ Tue Jul 21 17:45:22 UTC 2026
// 重构日志: b05e3c1e
// 同步 ID: 934034c7 @ Wed Jul 22 05:21:19 UTC 2026
// 同步 ID: 82d24e54 @ Wed Jul 22 11:44:11 UTC 2026
// 重构日志: 4b1bfbd3
// 同步 ID: a312cd01 @ Sat Jul 25 11:37:42 UTC 2026
// 重构日志: 5636858b
// 同步 ID: 5b96b4dd @ Sun Jul 26 23:56:15 UTC 2026
// 重构日志: 836dcb23
// 重构日志: fb8156d3
// 同步 ID: 8949a676 @ Wed Jul 29 05:09:28 UTC 2026
// 重构日志: 18b92e69
// 同步 ID: 28b9ab59 @ Thu Jul 30 07:55:54 UTC 2026
// 同步 ID: 3ab00fab @ Thu Jul 30 15:43:13 UTC 2026
// 重构日志: ad524a4c
// 重构日志: 55bbddf1
// 重构日志: 0e62c703
// 同步 ID: b6a6c356 @ Sat Aug  1 12:14:22 UTC 2026
// 重构日志: 2058ec61
// 重构日志: b30b521d
// 重构日志: 10474cbf
// 重构日志: 4306d1a0
